<div class="array-mixed-ref-arrays__blocks">
</div>
