<div class="array-nested-array-types__parent-named-string-array">
<div class="array-nested-array-types__parent-named-string-array__child-string-array">
<div class="array-nested-array-types__parent-named-string-array__child-string-array__item">
</div>
</div>
</div>
<div class="array-nested-array-types__parent-string-array">
</div>
<div class="array-nested-array-types__parent-named-number-array">
<div class="array-nested-array-types__parent-named-number-array__child-number-array">
<div class="array-nested-array-types__parent-named-number-array__child-number-array__item">
</div>
</div>
</div>
<div class="array-nested-array-types__parent-number-array">
</div>
<div class="array-nested-array-types__parent-named-integer-array">
<div class="array-nested-array-types__parent-named-integer-array__child-string-array">
<div class="array-nested-array-types__parent-named-integer-array__child-string-array__item">
</div>
</div>
</div>
<div class="array-nested-array-types__parent-integer-array">
</div>
