<div class="array-refs__mixed-data-structures">
</div>
<div class="array-refs__forms">
<div class="array-refs__forms__data-form">
</div>
</div>
