<div class="array-nested__parent-array">
<div class="array-nested__parent-array__child-array">
<div class="array-nested__parent-array__child-array__example-string">
</div>
<div class="array-nested__parent-array__child-array__example-integer">
</div>
</div>
</div>
