<div class="array-types__integers">
<div class="array-types__integers__integer">
</div>
</div>
<div class="array-types__numbers">
<div class="array-types__numbers__number">
</div>
</div>
<div class="array-types__strings">
<div class="array-types__strings__string">
</div>
</div>
