<div class="array-object__single-property-objects">
<div class="array-object__single-property-objects__example-property">
</div>
</div>
<div class="array-object__multiple-property-objects">
<div class="array-object__multiple-property-objects__example-string">
</div>
<div class="array-object__multiple-property-objects__example-integer">
</div>
</div>
