<div class="data-structures-ref-array__blocks">
</div>
<div class="data-structures-ref-array__people">
</div>
