<picture class="data-structures-simple__example-image">
<img src="" alt="">
</picture>
<a class="data-structures-simple__example-link" href="" title=""></a>
<div class="data-structures-simple__example-form">
</div>
