<div class="object-single-property__parent-object">
<div class="object-single-property__parent-object__example-integer">
</div>
</div>
