<div class="object-nested__parent-object">
<div class="object-nested__parent-object__child-object">
<div class="object-nested__parent-object__child-object__example-string">
</div>
</div>
</div>
