<div class="object__parent-object">
<div class="object__parent-object__example-integer">
</div>
<div class="object__parent-object__example-string">
</div>
</div>
