<div class="simple-types__default">
</div>
<div class="simple-types__example-string">
</div>
<div class="simple-types__example-boolean">
</div>
<div class="simple-types__example-integer">
</div>
<div class="simple-types__example-number">
</div>
<div class="simple-types__example-sub-block">
</div>
