{
    "parentArray": [
        {
            "childArray": [
                {
                    "exampleString": "",
                    "exampleInteger": 0
                }
            ]
        }
    ]
}