{
    "mixedDataStructures": [
        {
            "src": "",
            "alt": "",
            "height": 0,
            "width": 0
        },
        {
            "label": "",
            "href": "#",
            "title": "",
            "isNewTab": false,
            "isExternalLink": false,
            "iconName": "",
            "isActive": false
        }
    ],
    "forms": [
        {
            "dataForm": ""
        }
    ]
}