<div class="object__parent-object">
<div class="object__parent-object__example-integer" v-if="parentObject.exampleInteger">
{{parentObject.exampleInteger}}
</div>
<div class="object__parent-object__example-string" v-if="parentObject.exampleString">
{{parentObject.exampleString}}
</div>
</div>
