<div class="object-single-property__parent-object">
<div class="object-single-property__parent-object__example-integer" v-if="parentObject.exampleInteger">
{{parentObject.exampleInteger}}
</div>
</div>
