<div class="array-mixed-ref-arrays__blocks" v-if="blocks && blocks.length">
<div class="array-mixed-ref-arrays__blocks__block" v-for="(block, index) in blocks" :key="index">
<component :is="block._ref.replace('/', '')" :key="index" v-bind="block"></component>
</div>
</div>
