<div class="object-nested__parent-object">
<div class="object-nested__parent-object__child-object">
<div class="object-nested__parent-object__child-object__example-string" v-if="parentObject.childObject.exampleString">
{{parentObject.childObject.exampleString}}
</div>
</div>
</div>
